<html>
<body>
<pre>
<h1>µVision Build Log</h1>
<h2>Project:</h2>
C:\Users\suraj\Downloads\EnviroTime\miniproj.uvproj
Project File Date:  06/04/2026

<h2>Output:</h2>
Rebuild target 'Target 1'
assembling Startup.s...
compiling main.c...
compiling rtc.c...
compiling adc.c...
compiling alarm.c...
compiling input.c...
compiling keypad.c...
compiling password.c...
compiling lcd.c...
compiling delay.c...
linking...
Program Size: Code=13388 RO-data=52 RW-data=152 ZI-data=1256  
FromELF: creating hex file...
".\miniproj.axf" - 0 Error(s), 0 Warning(s).
</pre>
</body>
</html>
